CLUSTER_BAKER_cf10_tpp_ref_mapping_refX
17.0
tpp_16662ebf-cf31-42d1-98a3-2aae31f28087_ALL-000003_AA.pdb
tpp_16662ebf-cf31-42d1-98a3-2aae31f28087_ALL-000004_AA.pdb
tpp_16662ebf-cf31-42d1-98a3-2aae31f28087_ALL-000005_AA.pdb
tpp_16662ebf-cf31-42d1-98a3-2aae31f28087_ALL-000009_AA.pdb
tc5_aed2c40b-bb70-44a7-846d-b133359fc6bd_ALL-000001_AA.pdb
tc5_aed2c40b-bb70-44a7-846d-b133359fc6bd_ALL-000002_AA.pdb
tc5_aed2c40b-bb70-44a7-846d-b133359fc6bd_ALL-000003_AA.pdb
tc5_aed2c40b-bb70-44a7-846d-b133359fc6bd_ALL-000004_AA.pdb
tc5_aed2c40b-bb70-44a7-846d-b133359fc6bd_ALL-000006_AA.pdb
tc5_aed2c40b-bb70-44a7-846d-b133359fc6bd_ALL-000007_AA.pdb
tc5_aed2c40b-bb70-44a7-846d-b133359fc6bd_ALL-000008_AA.pdb
tc5_aed2c40b-bb70-44a7-846d-b133359fc6bd_ALL-000009_AA.pdb
tb2_0abbb76e-9cda-482f-abb2-94557e91acd8_ALL-000003_AA.pdb
tb2_0abbb76e-9cda-482f-abb2-94557e91acd8_ALL-000008_AA.pdb
tb2_min.out.1.pdb
tb2_min.out.3.pdb
tb2_min.out.5.pdb
14.0
tpp_16662ebf-cf31-42d1-98a3-2aae31f28087_ALL-000001_AA.pdb
tpp_16662ebf-cf31-42d1-98a3-2aae31f28087_ALL-000008_AA.pdb
tpp_min.out.2.pdb
tpp_min.out.3.pdb
tpp_min.out.4.pdb
tpp_min.out.5.pdb
tpp_min.out.6.pdb
tpp_min.out.7.pdb
tpp_min.out.8.pdb
tpp_min.out.9.pdb
tpp_min.out.10.pdb
tc5_min.out.6.pdb
tae_min.out.2.pdb
tae_min.out.9.pdb
12.0
tc5_min.out.2.pdb
tc5_min.out.5.pdb
tc5_min.out.9.pdb
tc5_min.out.10.pdb
tae_6bff10d7-d4ec-43ce-8f79-8f538fa1ae65_ALL-000004_AA.pdb
tae_6bff10d7-d4ec-43ce-8f79-8f538fa1ae65_ALL-000005_AA.pdb
tae_6bff10d7-d4ec-43ce-8f79-8f538fa1ae65_ALL-000010_AA.pdb
tal_min.out.2.pdb
tal_min.out.3.pdb
tal_min.out.5.pdb
tal_min.out.7.pdb
tal_min.out.9.pdb
9.0
tae_min.out.10.pdb
tb2_0abbb76e-9cda-482f-abb2-94557e91acd8_ALL-000001_AA.pdb
tb2_0abbb76e-9cda-482f-abb2-94557e91acd8_ALL-000002_AA.pdb
tb2_0abbb76e-9cda-482f-abb2-94557e91acd8_ALL-000004_AA.pdb
tb2_0abbb76e-9cda-482f-abb2-94557e91acd8_ALL-000005_AA.pdb
tb2_0abbb76e-9cda-482f-abb2-94557e91acd8_ALL-000006_AA.pdb
tb2_0abbb76e-9cda-482f-abb2-94557e91acd8_ALL-000007_AA.pdb
tb2_0abbb76e-9cda-482f-abb2-94557e91acd8_ALL-000009_AA.pdb
tb2_0abbb76e-9cda-482f-abb2-94557e91acd8_ALL-000010_AA.pdb
7.0
tae_6bff10d7-d4ec-43ce-8f79-8f538fa1ae65_ALL-000001_AA.pdb
tae_6bff10d7-d4ec-43ce-8f79-8f538fa1ae65_ALL-000002_AA.pdb
tae_6bff10d7-d4ec-43ce-8f79-8f538fa1ae65_ALL-000003_AA.pdb
tae_6bff10d7-d4ec-43ce-8f79-8f538fa1ae65_ALL-000006_AA.pdb
tae_6bff10d7-d4ec-43ce-8f79-8f538fa1ae65_ALL-000007_AA.pdb
tb2_min.out.10.pdb
tal_min.out.4.pdb
