CLUSTER_BAKER_cf2_rp14sub_ref_mapping_refX
12.0
tar_rp14+m+pk2-946da607_ALL-000002_AA.pdb
tar_rp14+m+pk2-946da607_ALL-000003_AA.pdb
tar_rp14+m+pk2-946da607_ALL-000008_AA.pdb
tar_rp14+m+pk2-946da607_ALL-000010_AA.pdb
cy2_r14aacy23+m+pk2-84f4be23_ALL-000001_AA.pdb
cy2_r14aacy23+m+pk2-84f4be23_ALL-000002_AA.pdb
cy2_r14aacy23+m+pk2-84f4be23_ALL-000003_AA.pdb
cy2_r14aacy23+m+pk2-84f4be23_ALL-000005_AA.pdb
cy2_r14aacy23+m+pk2-84f4be23_ALL-000006_AA.pdb
cy2_r14aacy23+m+pk2-84f4be23_ALL-000008_AA.pdb
cy2_r14aacy23+m+pk2-84f4be23_ALL-000009_AA.pdb
cy2_r14aacy23+m+pk2-84f4be23_ALL-000010_AA.pdb
9.0
tar_min.out.3.pdb
tar_min.out.4.pdb
tar_min.out.6.pdb
tar_min.out.8.pdb
tar_min.out.10.pdb
cy2_min.out.2.pdb
cy2_min.out.3.pdb
cy2_min.out.6.pdb
cy2_min.out.9.pdb
7.0
aj6_r14aj63pk-2f5f0e3d_ALL-000002_AA.pdb
aj6_r14aj63pk-2f5f0e3d_ALL-000003_AA.pdb
aj6_r14aj63pk-2f5f0e3d_ALL-000006_AA.pdb
aj6_r14aj63pk-2f5f0e3d_ALL-000007_AA.pdb
aj6_r14aj63pk-2f5f0e3d_ALL-000008_AA.pdb
aj6_r14aj63pk-2f5f0e3d_ALL-000009_AA.pdb
aj6_r14aj63pk-2f5f0e3d_ALL-000010_AA.pdb
6.0
tar_min.out.1.pdb
tar_min.out.2.pdb
tar_min.out.5.pdb
tar_min.out.7.pdb
tar_min.out.9.pdb
cy2_min.out.10.pdb
4.0
cy2_min.out.1.pdb
cy2_min.out.4.pdb
cy2_min.out.7.pdb
cy2_min.out.8.pdb
