CLUSTER_BAKER_cf7_rp13finalX_noSSperSeq_ref_mapping_refX
22.0
rp13_20569fa1_ALL-000001_AA.pdb
rp13_20569fa1_ALL-000003_AA.pdb
rp13_20569fa1_ALL-000005_AA.pdb
rp13_20569fa1_ALL-000006_AA.pdb
rp13_20569fa1_ALL-000008_AA.pdb
rp13_20569fa1_ALL-000009_AA.pdb
rp13_20569fa1_ALL-000010_AA.pdb
rp13_min.out.1.pdb
rp13_min.out.5.pdb
rp13_min.out.7.pdb
rp13_min.out.9.pdb
rp13nc3295_min.out.8.pdb
zcp_6537608a_ALL-000001_AA.pdb
zcp_6537608a_ALL-000002_AA.pdb
zcp_6537608a_ALL-000003_AA.pdb
zcp_6537608a_ALL-000004_AA.pdb
zcp_6537608a_ALL-000005_AA.pdb
zcp_6537608a_ALL-000006_AA.pdb
zcp_6537608a_ALL-000007_AA.pdb
zcp_6537608a_ALL-000008_AA.pdb
zcp_6537608a_ALL-000009_AA.pdb
zcp_6537608a_ALL-000010_AA.pdb
11.0
rp13_20569fa1_ALL-000004_AA.pdb
znc_a1ea6711_ALL-000001_AA.pdb
znc_a1ea6711_ALL-000002_AA.pdb
znc_a1ea6711_ALL-000003_AA.pdb
znc_a1ea6711_ALL-000004_AA.pdb
znc_a1ea6711_ALL-000005_AA.pdb
znc_a1ea6711_ALL-000006_AA.pdb
znc_a1ea6711_ALL-000007_AA.pdb
znc_a1ea6711_ALL-000008_AA.pdb
znc_a1ea6711_ALL-000009_AA.pdb
znc_a1ea6711_ALL-000010_AA.pdb
10.0
zaa_6a68812b_ALL-000001_AA.pdb
zaa_6a68812b_ALL-000002_AA.pdb
zaa_6a68812b_ALL-000003_AA.pdb
zaa_6a68812b_ALL-000004_AA.pdb
zaa_6a68812b_ALL-000005_AA.pdb
zaa_6a68812b_ALL-000006_AA.pdb
zaa_6a68812b_ALL-000007_AA.pdb
zaa_6a68812b_ALL-000008_AA.pdb
zaa_6a68812b_ALL-000009_AA.pdb
zaa_6a68812b_ALL-000010_AA.pdb
6.0
zbaa_684ef8ce_ALL-000001_AA.pdb
zbaa_684ef8ce_ALL-000002_AA.pdb
zbaa_684ef8ce_ALL-000003_AA.pdb
zbaa_684ef8ce_ALL-000006_AA.pdb
zbaa_684ef8ce_ALL-000007_AA.pdb
zbaa_684ef8ce_ALL-000010_AA.pdb
5.0
rp13cp0016_min.out.8.pdb
rp13nc9445_min.out.1.pdb
rp13nc9445_min.out.3.pdb
rp13nc9445_min.out.6.pdb
rp13nc9445_min.out.10.pdb
